com\chortitzer\industria\web\dao\bas\Dao_bas.class
com\chortitzer\web\lab\domain\LabTipoMuestraSublineasPK.class
com\chortitzer\web\admin\repository\RrhhEmpleadosRepository.class
com\chortitzer\web\bas\domain\TblDalBonificacionValores.class
com\chortitzer\web\usi\domain\NisUsuario.class
com\chortitzer\web\bas\domain\TblDalFardosFibra.class
com\chortitzer\web\lab\domain\LabTipoAnalisis.class
com\chortitzer\web\bas\repository\DetalleGranosRepository.class
org\alternativevision\gpx\beans\GPX.class
com\chortitzer\web\bas\repository\DetalleSesamoRepository.class
com\chortitzer\web\bas\repository\TblDalFibraTiposRepository.class
com\chortitzer\web\WebSecurityConfig.class
com\chortitzer\web\lab\RepositoryConfig_lab.class
com\chortitzer\industria\web\dao\lab\Dao_lab.class
com\chortitzer\web\lab\domain\LabMuestras.class
com\chortitzer\web\Application.class
org\alternativevision\gpx\beans\Route.class
com\chortitzer\web\usi\repository\TblIndUsiRegistroLecturasRepository.class
com\chortitzer\industria\web\dao\fps\DaoImpl_fps.class
com\chortitzer\web\fps\domain\FpsAvgValueModel.class
com\chortitzer\web\lab\domain\LabTipoMuestra.class
org\alternativevision\gpx\log\AbstractLogger.class
com\chortitzer\web\lab\domain\LabTipoMuestraPK.class
org\alternativevision\gpx\extensions\IExtensionParser.class
com\chortitzer\web\bas\domain\Tblproductos.class
com\chortitzer\web\bas\controller\DalLotesConverter.class
com\chortitzer\web\lab\domain\LabTipoMuestraLineasPK.class
com\chortitzer\web\bas\domain\TblDalFardosFibraPK.class
com\chortitzer\web\fps\RepositoryConfig_fps.class
com\chortitzer\web\bas\domain\TblDalLotes.class
com\chortitzer\web\bas\controller\DalLiquidacionBean.class
com\chortitzer\web\bas\domain\Precios.class
org\alternativevision\gpx\types\FixType.class
com\chortitzer\web\usi\RepositoryConfig_usi.class
com\chortitzer\web\usi\controller\NisSinLecturaBean.class
com\chortitzer\web\common\CommonBean.class
com\chortitzer\web\lab\domain\LabSemillasResultados.class
com\chortitzer\web\bas\controller\DalResumenBean.class
com\chortitzer\web\bas\repository\TblpesadasRepository.class
com\chortitzer\web\bas\repository\TblDalBonificacionesRepository.class
com\chortitzer\web\usi\domain\TblIndUsiRegistroLecturas.class
com\chortitzer\web\bas\domain\TblDalBonificaciones.class
com\chortitzer\web\fps\controller\VaporBean.class
com\chortitzer\web\bas\controller\ProductoConverter.class
com\chortitzer\web\fps\controller\LotesBean.class
org\alternativevision\gpx\beans\TrackPoint.class
org\alternativevision\gpx\GPXConstants.class
com\chortitzer\web\bas\domain\DalLiquidacionModel.class
com\chortitzer\web\bas\domain\DalResumenFibraModel.class
com\chortitzer\web\bas\controller\GranosBean.class
org\alternativevision\gpx\beans\Track.class
com\chortitzer\web\bas\domain\DetalleGranos.class
com\chortitzer\web\usi\controller\ConsumoNisBean.class
com\chortitzer\web\fps\domain\TblIndFpsLog.class
com\chortitzer\web\admin\domain\RrhhMarcas.class
com\chortitzer\web\admin\repository\RrhhMarcasRepository.class
com\chortitzer\industria\web\dao\usi\DaoImpl_usi.class
com\chortitzer\web\lab\domain\LabClientes.class
com\chortitzer\web\admin\controller\TiemposBean.class
com\chortitzer\web\bas\controller\EmpresaConverter.class
com\chortitzer\web\lab\domain\LabSemillasEspecies.class
com\chortitzer\web\lab\domain\LabTipoMuestraSublineas.class
com\chortitzer\web\bas\domain\DetalleSesamo.class
com\chortitzer\web\bas\domain\Tblpesadas.class
com\chortitzer\web\common\Interval.class
org\alternativevision\gpx\extensions\DummyExtensionParser.class
org\alternativevision\gpx\log\ILogger.class
org\alternativevision\gpx\log\Log4JLogger.class
com\chortitzer\industria\web\dao\bas\DaoImpl_bas.class
com\chortitzer\industria\web\dao\lab\DaoImpl_lab.class
com\chortitzer\web\common\ViewScope.class
org\alternativevision\gpx\log\AndroidLogger.class
com\chortitzer\web\bas\controller\PreciosBean.class
com\chortitzer\web\bas\repository\TblDalFardosFibraRepository.class
com\chortitzer\web\fps\controller\HorarioReactorBean.class
com\chortitzer\web\usi\domain\NisSinLecturaModel.class
com\chortitzer\web\bas\domain\DalBonificacionModel.class
com\chortitzer\web\admin\controller\EmpleadosConverter.class
com\chortitzer\web\bas\controller\DalBonificacionBean.class
com\chortitzer\web\common\LayoutController.class
com\chortitzer\web\bas\controller\DalBonificacionesConverter.class
com\chortitzer\web\bas\repository\PreciosRepository.class
org\alternativevision\gpx\beans\Extension.class
org\alternativevision\gpx\log\DummyLogger.class
com\chortitzer\web\admin\RepositoryConfig_admin.class
com\chortitzer\web\bas\repository\TblproductosRepository.class
com\chortitzer\web\admin\controller\EmpleadosBean.class
com\chortitzer\web\lab\repository\LabClientesRepository.class
com\chortitzer\web\bas\repository\TblempresaRepository.class
com\chortitzer\web\usi\controller\ActualizarGarminBean.class
com\chortitzer\web\fps\domain\TblFpsLotes.class
org\alternativevision\gpx\GPXParser.class
com\chortitzer\web\admin\domain\RrhhEmpleados.class
com\chortitzer\web\bas\domain\TblDalFibraTipos.class
com\chortitzer\web\bas\repository\TblDalLotesRepository.class
com\chortitzer\web\lab\domain\LabSemillasCategorias.class
com\chortitzer\web\admin\domain\TiemposModel.class
com\chortitzer\web\bas\domain\Tblempresa.class
org\alternativevision\gpx\beans\Waypoint.class
org\alternativevision\gpx\beans\RoutePoint.class
com\chortitzer\web\Initializer.class
com\chortitzer\web\admin\controller\EntradaSalidaConverter.class
com\chortitzer\industria\web\dao\fps\Dao_fps.class
com\chortitzer\web\bas\domain\DalBonificacionModelPK.class
com\chortitzer\web\bas\controller\SesamoBean.class
com\chortitzer\web\fps\repository\TblIndFpsLogRepository.class
com\chortitzer\web\lab\domain\LabResultados.class
com\chortitzer\web\lab\domain\LabMuestrasSemillas.class
com\chortitzer\industria\web\dao\usi\Dao_usi.class
com\chortitzer\web\admin\controller\MarcasBean.class
com\chortitzer\web\lab\domain\LabTipoMuestraLineas.class
com\chortitzer\web\bas\controller\PesadasBean.class
org\alternativevision\gpx\log\FacadeLogger.class
com\chortitzer\web\usi\domain\ConsumoNisModel.class
com\chortitzer\web\fps\controller\TamboresBean.class
com\chortitzer\web\lab\domain\LabResultadosPK.class
com\chortitzer\web\bas\domain\TblDalBonificacionValoresPK.class
com\chortitzer\web\fps\domain\FpsHorarioReactorModel.class
com\chortitzer\web\fps\domain\TblFpsTambores.class
com\chortitzer\web\usi\controller\ActualizarBaseBean.class
com\chortitzer\web\bas\RepositoryConfig_bas.class
