C:\Users\adriang\Documents\NetBeansProjects\indsys-spboot_jar\src\main\java\com\chortitzer\web\admin\controller\MarcasBean.java
C:\Users\adriang\Documents\NetBeansProjects\indsys-spboot_jar\src\main\java\org\alternativevision\gpx\beans\Extension.java
C:\Users\adriang\Documents\NetBeansProjects\indsys-spboot_jar\src\main\java\com\chortitzer\industria\web\dao\lab\DaoImpl_lab.java
C:\Users\adriang\Documents\NetBeansProjects\indsys-spboot_jar\src\main\java\com\chortitzer\web\bas\controller\GranosBean.java
C:\Users\adriang\Documents\NetBeansProjects\indsys-spboot_jar\src\main\java\com\chortitzer\web\lab\domain\LabResultados.java
C:\Users\adriang\Documents\NetBeansProjects\indsys-spboot_jar\src\main\java\com\chortitzer\web\usi\controller\ActualizarGarminBean.java
C:\Users\adriang\Documents\NetBeansProjects\indsys-spboot_jar\src\main\java\com\chortitzer\web\admin\repository\RrhhMarcasRepository.java
C:\Users\adriang\Documents\NetBeansProjects\indsys-spboot_jar\src\main\java\com\chortitzer\web\bas\repository\TblDalFibraTiposRepository.java
C:\Users\adriang\Documents\NetBeansProjects\indsys-spboot_jar\src\main\java\com\chortitzer\web\bas\domain\Tblproductos.java
C:\Users\adriang\Documents\NetBeansProjects\indsys-spboot_jar\src\main\java\com\chortitzer\web\lab\domain\LabResultadosPK.java
C:\Users\adriang\Documents\NetBeansProjects\indsys-spboot_jar\src\main\java\com\chortitzer\web\usi\repository\TblIndUsiRegistroLecturasRepository.java
C:\Users\adriang\Documents\NetBeansProjects\indsys-spboot_jar\src\main\java\com\chortitzer\web\common\Interval.java
C:\Users\adriang\Documents\NetBeansProjects\indsys-spboot_jar\src\main\java\org\alternativevision\gpx\extensions\DummyExtensionParser.java
C:\Users\adriang\Documents\NetBeansProjects\indsys-spboot_jar\src\main\java\com\chortitzer\web\lab\domain\LabSemillasCategorias.java
C:\Users\adriang\Documents\NetBeansProjects\indsys-spboot_jar\src\main\java\com\chortitzer\web\usi\domain\NisSinLecturaModel.java
C:\Users\adriang\Documents\NetBeansProjects\indsys-spboot_jar\src\main\java\com\chortitzer\web\bas\domain\Precios.java
C:\Users\adriang\Documents\NetBeansProjects\indsys-spboot_jar\src\main\java\com\chortitzer\web\admin\controller\EntradaSalidaConverter.java
C:\Users\adriang\Documents\NetBeansProjects\indsys-spboot_jar\src\main\java\com\chortitzer\industria\web\dao\usi\DaoImpl_usi.java
C:\Users\adriang\Documents\NetBeansProjects\indsys-spboot_jar\src\main\java\com\chortitzer\web\usi\controller\NisSinLecturaBean.java
C:\Users\adriang\Documents\NetBeansProjects\indsys-spboot_jar\src\main\java\com\chortitzer\web\bas\controller\DalResumenBean.java
C:\Users\adriang\Documents\NetBeansProjects\indsys-spboot_jar\src\main\java\com\chortitzer\web\lab\domain\LabTipoMuestraPK.java
C:\Users\adriang\Documents\NetBeansProjects\indsys-spboot_jar\src\main\java\com\chortitzer\industria\web\dao\bas\Dao_bas.java
C:\Users\adriang\Documents\NetBeansProjects\indsys-spboot_jar\src\main\java\org\alternativevision\gpx\beans\Route.java
C:\Users\adriang\Documents\NetBeansProjects\indsys-spboot_jar\src\main\java\com\chortitzer\web\bas\controller\ProductoConverter.java
C:\Users\adriang\Documents\NetBeansProjects\indsys-spboot_jar\src\main\java\com\chortitzer\web\admin\repository\RrhhEmpleadosRepository.java
C:\Users\adriang\Documents\NetBeansProjects\indsys-spboot_jar\src\main\java\com\chortitzer\web\Initializer.java
C:\Users\adriang\Documents\NetBeansProjects\indsys-spboot_jar\src\main\java\com\chortitzer\web\fps\controller\VaporBean.java
C:\Users\adriang\Documents\NetBeansProjects\indsys-spboot_jar\src\main\java\com\chortitzer\web\bas\controller\BonificacionConverter.java
C:\Users\adriang\Documents\NetBeansProjects\indsys-spboot_jar\src\main\java\com\chortitzer\web\bas\controller\DalBonificacionesConverter.java
C:\Users\adriang\Documents\NetBeansProjects\indsys-spboot_jar\src\main\java\com\chortitzer\web\bas\controller\DalBonificacionBean.java
C:\Users\adriang\Documents\NetBeansProjects\indsys-spboot_jar\src\main\java\com\chortitzer\web\bas\domain\Tblpesadas.java
C:\Users\adriang\Documents\NetBeansProjects\indsys-spboot_jar\src\main\java\com\chortitzer\web\bas\repository\TblproductosRepository.java
C:\Users\adriang\Documents\NetBeansProjects\indsys-spboot_jar\src\main\java\com\chortitzer\web\lab\domain\LabTipoMuestra.java
C:\Users\adriang\Documents\NetBeansProjects\indsys-spboot_jar\src\main\java\org\alternativevision\gpx\beans\Waypoint.java
C:\Users\adriang\Documents\NetBeansProjects\indsys-spboot_jar\src\main\java\com\chortitzer\web\bas\domain\DalResumenFibraModel.java
C:\Users\adriang\Documents\NetBeansProjects\indsys-spboot_jar\src\main\java\com\chortitzer\industria\web\dao\fps\DaoImpl_fps.java
C:\Users\adriang\Documents\NetBeansProjects\indsys-spboot_jar\src\main\java\com\chortitzer\web\bas\domain\DalBonificacionModelPK.java
C:\Users\adriang\Documents\NetBeansProjects\indsys-spboot_jar\src\main\java\com\chortitzer\web\lab\repository\LabClientesRepository.java
C:\Users\adriang\Documents\NetBeansProjects\indsys-spboot_jar\src\main\java\com\chortitzer\web\admin\domain\RrhhEmpleados.java
C:\Users\adriang\Documents\NetBeansProjects\indsys-spboot_jar\src\main\java\com\chortitzer\web\usi\domain\ConsumoNisModel.java
C:\Users\adriang\Documents\NetBeansProjects\indsys-spboot_jar\src\main\java\com\chortitzer\web\common\ViewScope.java
C:\Users\adriang\Documents\NetBeansProjects\indsys-spboot_jar\src\main\java\com\chortitzer\web\fps\RepositoryConfig_fps.java
C:\Users\adriang\Documents\NetBeansProjects\indsys-spboot_jar\src\main\java\org\alternativevision\gpx\log\FacadeLogger.java
C:\Users\adriang\Documents\NetBeansProjects\indsys-spboot_jar\src\main\java\com\chortitzer\web\admin\controller\EmpleadosConverter.java
C:\Users\adriang\Documents\NetBeansProjects\indsys-spboot_jar\src\main\java\org\alternativevision\gpx\log\ILogger.java
C:\Users\adriang\Documents\NetBeansProjects\indsys-spboot_jar\src\main\java\org\alternativevision\gpx\log\AbstractLogger.java
C:\Users\adriang\Documents\NetBeansProjects\indsys-spboot_jar\src\main\java\org\alternativevision\gpx\GPXParser.java
C:\Users\adriang\Documents\NetBeansProjects\indsys-spboot_jar\src\main\java\com\chortitzer\web\bas\domain\TblDalBonificaciones.java
C:\Users\adriang\Documents\NetBeansProjects\indsys-spboot_jar\src\main\java\com\chortitzer\web\lab\domain\LabTipoMuestraSublineasPK.java
C:\Users\adriang\Documents\NetBeansProjects\indsys-spboot_jar\src\main\java\com\chortitzer\web\usi\controller\ConsumoNisBean.java
C:\Users\adriang\Documents\NetBeansProjects\indsys-spboot_jar\src\main\java\com\chortitzer\web\bas\domain\TblDalLotes.java
C:\Users\adriang\Documents\NetBeansProjects\indsys-spboot_jar\src\main\java\org\alternativevision\gpx\types\FixType.java
C:\Users\adriang\Documents\NetBeansProjects\indsys-spboot_jar\src\main\java\com\chortitzer\web\usi\domain\TblIndUsiRegistroLecturas.java
C:\Users\adriang\Documents\NetBeansProjects\indsys-spboot_jar\src\main\java\com\chortitzer\web\bas\domain\DetalleGranos.java
C:\Users\adriang\Documents\NetBeansProjects\indsys-spboot_jar\src\main\java\com\chortitzer\web\bas\domain\DalLiquidacionModel.java
C:\Users\adriang\Documents\NetBeansProjects\indsys-spboot_jar\src\main\java\com\chortitzer\industria\web\dao\fps\Dao_fps.java
C:\Users\adriang\Documents\NetBeansProjects\indsys-spboot_jar\src\main\java\com\chortitzer\web\lab\domain\LabMuestras.java
C:\Users\adriang\Documents\NetBeansProjects\indsys-spboot_jar\src\main\java\com\chortitzer\web\bas\controller\DalLiquidacionBean.java
C:\Users\adriang\Documents\NetBeansProjects\indsys-spboot_jar\src\main\java\com\chortitzer\web\lab\domain\LabSemillasResultados.java
C:\Users\adriang\Documents\NetBeansProjects\indsys-spboot_jar\src\main\java\com\chortitzer\web\bas\domain\DetalleSesamo.java
C:\Users\adriang\Documents\NetBeansProjects\indsys-spboot_jar\src\main\java\com\chortitzer\web\bas\domain\TblDalFardosFibraPK.java
C:\Users\adriang\Documents\NetBeansProjects\indsys-spboot_jar\src\main\java\com\chortitzer\web\Application.java
C:\Users\adriang\Documents\NetBeansProjects\indsys-spboot_jar\src\main\java\com\chortitzer\web\lab\domain\LabTipoMuestraLineas.java
C:\Users\adriang\Documents\NetBeansProjects\indsys-spboot_jar\src\main\java\com\chortitzer\web\admin\domain\TiemposModel.java
C:\Users\adriang\Documents\NetBeansProjects\indsys-spboot_jar\src\main\java\com\chortitzer\web\bas\controller\PreciosBean.java
C:\Users\adriang\Documents\NetBeansProjects\indsys-spboot_jar\src\main\java\com\chortitzer\web\common\CommonBean.java
C:\Users\adriang\Documents\NetBeansProjects\indsys-spboot_jar\src\main\java\com\chortitzer\web\fps\controller\LotesBean.java
C:\Users\adriang\Documents\NetBeansProjects\indsys-spboot_jar\src\main\java\com\chortitzer\web\fps\repository\TblIndFpsLogRepository.java
C:\Users\adriang\Documents\NetBeansProjects\indsys-spboot_jar\src\main\java\org\alternativevision\gpx\beans\RoutePoint.java
C:\Users\adriang\Documents\NetBeansProjects\indsys-spboot_jar\src\main\java\com\chortitzer\web\bas\repository\DetalleSesamoRepository.java
C:\Users\adriang\Documents\NetBeansProjects\indsys-spboot_jar\src\main\java\com\chortitzer\web\usi\domain\NisUsuario.java
C:\Users\adriang\Documents\NetBeansProjects\indsys-spboot_jar\src\main\java\com\chortitzer\industria\web\dao\lab\Dao_lab.java
C:\Users\adriang\Documents\NetBeansProjects\indsys-spboot_jar\src\main\java\com\chortitzer\web\bas\repository\TblDalFardosFibraRepository.java
C:\Users\adriang\Documents\NetBeansProjects\indsys-spboot_jar\src\main\java\org\alternativevision\gpx\extensions\IExtensionParser.java
C:\Users\adriang\Documents\NetBeansProjects\indsys-spboot_jar\src\main\java\com\chortitzer\web\bas\repository\TblpesadasRepository.java
C:\Users\adriang\Documents\NetBeansProjects\indsys-spboot_jar\src\main\java\com\chortitzer\web\bas\controller\PesadasBean.java
C:\Users\adriang\Documents\NetBeansProjects\indsys-spboot_jar\src\main\java\com\chortitzer\web\admin\controller\TiemposBean.java
C:\Users\adriang\Documents\NetBeansProjects\indsys-spboot_jar\src\main\java\com\chortitzer\web\fps\controller\HorarioReactorBean.java
C:\Users\adriang\Documents\NetBeansProjects\indsys-spboot_jar\src\main\java\com\chortitzer\industria\web\dao\bas\DaoImpl_bas.java
C:\Users\adriang\Documents\NetBeansProjects\indsys-spboot_jar\src\main\java\com\chortitzer\web\WebSecurityConfig.java
C:\Users\adriang\Documents\NetBeansProjects\indsys-spboot_jar\src\main\java\com\chortitzer\web\fps\domain\TblIndFpsLog.java
C:\Users\adriang\Documents\NetBeansProjects\indsys-spboot_jar\src\main\java\com\chortitzer\web\bas\controller\DalLotesConverter.java
C:\Users\adriang\Documents\NetBeansProjects\indsys-spboot_jar\src\main\java\org\alternativevision\gpx\beans\GPX.java
C:\Users\adriang\Documents\NetBeansProjects\indsys-spboot_jar\src\main\java\com\chortitzer\web\lab\domain\LabTipoAnalisis.java
C:\Users\adriang\Documents\NetBeansProjects\indsys-spboot_jar\src\main\java\com\chortitzer\web\lab\domain\LabTipoMuestraSublineas.java
C:\Users\adriang\Documents\NetBeansProjects\indsys-spboot_jar\src\main\java\org\alternativevision\gpx\beans\TrackPoint.java
C:\Users\adriang\Documents\NetBeansProjects\indsys-spboot_jar\src\main\java\org\alternativevision\gpx\beans\Track.java
C:\Users\adriang\Documents\NetBeansProjects\indsys-spboot_jar\src\main\java\org\alternativevision\gpx\log\Log4JLogger.java
C:\Users\adriang\Documents\NetBeansProjects\indsys-spboot_jar\src\main\java\com\chortitzer\web\admin\domain\RrhhMarcas.java
C:\Users\adriang\Documents\NetBeansProjects\indsys-spboot_jar\src\main\java\org\alternativevision\gpx\log\DummyLogger.java
C:\Users\adriang\Documents\NetBeansProjects\indsys-spboot_jar\src\main\java\com\chortitzer\web\bas\domain\TblDalFibraTipos.java
C:\Users\adriang\Documents\NetBeansProjects\indsys-spboot_jar\src\main\java\com\chortitzer\web\bas\domain\Tblempresa.java
C:\Users\adriang\Documents\NetBeansProjects\indsys-spboot_jar\src\main\java\com\chortitzer\web\bas\RepositoryConfig_bas.java
C:\Users\adriang\Documents\NetBeansProjects\indsys-spboot_jar\src\main\java\com\chortitzer\web\fps\domain\FpsAvgValueModel.java
C:\Users\adriang\Documents\NetBeansProjects\indsys-spboot_jar\src\main\java\com\chortitzer\web\bas\repository\TblDalLotesRepository.java
C:\Users\adriang\Documents\NetBeansProjects\indsys-spboot_jar\src\main\java\com\chortitzer\web\lab\RepositoryConfig_lab.java
C:\Users\adriang\Documents\NetBeansProjects\indsys-spboot_jar\src\main\java\com\chortitzer\web\admin\RepositoryConfig_admin.java
C:\Users\adriang\Documents\NetBeansProjects\indsys-spboot_jar\src\main\java\com\chortitzer\web\usi\RepositoryConfig_usi.java
C:\Users\adriang\Documents\NetBeansProjects\indsys-spboot_jar\src\main\java\com\chortitzer\web\bas\domain\DalBonificacionModel.java
C:\Users\adriang\Documents\NetBeansProjects\indsys-spboot_jar\src\main\java\com\chortitzer\web\admin\controller\EmpleadosBean.java
C:\Users\adriang\Documents\NetBeansProjects\indsys-spboot_jar\src\main\java\com\chortitzer\web\lab\domain\LabSemillasEspecies.java
C:\Users\adriang\Documents\NetBeansProjects\indsys-spboot_jar\src\main\java\com\chortitzer\web\bas\domain\TblDalBonificacionValoresPK.java
C:\Users\adriang\Documents\NetBeansProjects\indsys-spboot_jar\src\main\java\com\chortitzer\web\common\LayoutController.java
C:\Users\adriang\Documents\NetBeansProjects\indsys-spboot_jar\src\main\java\com\chortitzer\web\fps\domain\TblFpsTambores.java
C:\Users\adriang\Documents\NetBeansProjects\indsys-spboot_jar\src\main\java\com\chortitzer\web\fps\controller\TamboresBean.java
C:\Users\adriang\Documents\NetBeansProjects\indsys-spboot_jar\src\main\java\org\alternativevision\gpx\GPXConstants.java
C:\Users\adriang\Documents\NetBeansProjects\indsys-spboot_jar\src\main\java\com\chortitzer\web\lab\domain\LabMuestrasSemillas.java
C:\Users\adriang\Documents\NetBeansProjects\indsys-spboot_jar\src\main\java\com\chortitzer\web\bas\repository\TblDalBonificacionesRepository.java
C:\Users\adriang\Documents\NetBeansProjects\indsys-spboot_jar\src\main\java\com\chortitzer\web\lab\domain\LabClientes.java
C:\Users\adriang\Documents\NetBeansProjects\indsys-spboot_jar\src\main\java\com\chortitzer\web\bas\repository\PreciosRepository.java
C:\Users\adriang\Documents\NetBeansProjects\indsys-spboot_jar\src\main\java\com\chortitzer\web\bas\controller\SesamoBean.java
C:\Users\adriang\Documents\NetBeansProjects\indsys-spboot_jar\src\main\java\com\chortitzer\web\usi\controller\ActualizarBaseBean.java
C:\Users\adriang\Documents\NetBeansProjects\indsys-spboot_jar\src\main\java\com\chortitzer\web\bas\domain\TblDalBonificacionValores.java
C:\Users\adriang\Documents\NetBeansProjects\indsys-spboot_jar\src\main\java\com\chortitzer\web\bas\repository\DetalleGranosRepository.java
C:\Users\adriang\Documents\NetBeansProjects\indsys-spboot_jar\src\main\java\com\chortitzer\web\fps\domain\FpsHorarioReactorModel.java
C:\Users\adriang\Documents\NetBeansProjects\indsys-spboot_jar\src\main\java\com\chortitzer\web\fps\domain\TblFpsLotes.java
C:\Users\adriang\Documents\NetBeansProjects\indsys-spboot_jar\src\main\java\com\chortitzer\industria\web\dao\usi\Dao_usi.java
C:\Users\adriang\Documents\NetBeansProjects\indsys-spboot_jar\src\main\java\com\chortitzer\web\bas\controller\EmpresaConverter.java
C:\Users\adriang\Documents\NetBeansProjects\indsys-spboot_jar\src\main\java\com\chortitzer\web\bas\domain\TblDalFardosFibra.java
C:\Users\adriang\Documents\NetBeansProjects\indsys-spboot_jar\src\main\java\org\alternativevision\gpx\log\AndroidLogger.java
C:\Users\adriang\Documents\NetBeansProjects\indsys-spboot_jar\src\main\java\com\chortitzer\web\bas\repository\TblempresaRepository.java
C:\Users\adriang\Documents\NetBeansProjects\indsys-spboot_jar\src\main\java\com\chortitzer\web\lab\domain\LabTipoMuestraLineasPK.java
